[backblue.gif]
[fade.gif]
[index.html]
[bootstraplogos.com/wp-content/uploads/edd/2018/04/logo-3.png]
[137.117.99.246/hehe/ajax.googleapis.com/ajax/libs/jquery/3.2.1/jquery.min.js]
[137.117.99.246/hehe/app-assets/js/checker.js]
[137.117.99.246/hehe/app-assets/vendors/js/vendors.min.js]
[137.117.99.246/hehe/app-assets/vendors/js/forms/toggle/switchery.min.js]
[137.117.99.246/hehe/app-assets/js/scripts/forms/switch.min.js]
[137.117.99.246/hehe/app-assets/js/core/app-menu.min.js]
[137.117.99.246/hehe/app-assets/js/core/app.min.js]
[137.117.99.246/hehe/app-assets/js/scripts/customizer.min.js]
[137.117.99.246/hehe/app-assets/vendors/js/jquery.sharrre.js]
[137.117.99.246/hehe/index.html]
[137.117.99.246/hehe/app-assets/css/vendors.min.css]
[137.117.99.246/hehe/app-assets/css/app.min.css]
[137.117.99.246/hehe/app-assets/css/core/colors/palette-gradient.min.css]
[image.prntscr.com/image/9eJEgENqREiSRZYTlNUzMQ.png]
[image.prntscr.com/image/2sSesZj8QNKpI6tD-sZ4IQ.png]
[image.prntscr.com/image/h4-J8UTYS7epT_2zTe4fsg.png]
[image.prntscr.com/image/gAts4PqSQ-O_QJ6Cgl0yiA.png]
[137.117.99.246/hehe/tutorial.html]
[137.117.99.246/hehe/app-assets/css/bootstrap.min.css]
[137.117.99.246/hehe/app-assets/fonts/feather/fonts/feather246724672467.eot]
[137.117.99.246/hehe/app-assets/fonts/feather/fonts/feather246724672467.ttf]
[137.117.99.246/hehe/app-assets/fonts/feather/fonts/feather246724672467.woff]
[137.117.99.246/hehe/app-assets/fonts/feather/style.min.css]
[137.117.99.246/hehe/app-assets/fonts/line-awesome/css/line-awesome.min.css]
[137.117.99.246/hehe/app-assets/fonts/flag-icon-css/css/flag-icon.min.css]
[137.117.99.246/hehe/app-assets/vendors/css/extensions/pace.css]
[137.117.99.246/hehe/app-assets/css/bootstrap-extended.min.css]
[137.117.99.246/hehe/app-assets/css/colors.min.css]
[137.117.99.246/hehe/app-assets/images/backgrounds/bg-18.jpg]
[137.117.99.246/hehe/app-assets/images/icons/img.png]
[137.117.99.246/hehe/app-assets/images/datatables/resources/details_open.png]
[137.117.99.246/hehe/app-assets/images/datatables/resources/details_close.png]
[137.117.99.246/hehe/app-assets/css/components.min.css]
[137.117.99.246/hehe/app-assets/fonts/feather/fonts/feather246724672467.svg]
